Query: 십자군 전쟁은 왜 일어났어?

=== Answer ===
십자군 전쟁은 여러 가지 이유로 일어났는데, 그 중 가장 큰 이유는 종교적 열망이었어. 1095년에 교황 우르바누스 2세가 예루살렘을 회복하자고 외쳤거든. 그 당시 사람들은 성지에 대한 종교적 열망이 엄청났고, 그래서 많은 사람들이 "하느님의 뜻"이라고 믿고 십자군에 참여했어. 

근데 단순히 종교만이 아니라, 당시 유럽은 사회적, 경제적으로도 불안정한 상황이었어. 귀족들은 땅과 권력을 얻고 싶어 했고, 평민들은 새로운 기회를 찾고 싶어 했지. 그래서 '가난한 사람들의 군대'인 사람들의 십자군(1096-1100 CE)이 등장하게 된 거야. 이들은 무슬림 터키와 싸우기 위해 예루살렘으로 향했는데, 이 과정에서 많은 사람들이 죽었고, 그들 덕분에 나중에 더 큰 십자군이 조직될 수 있었어.

이렇게 첫 번째 십자군이 성공적으로 예루살렘을 점령하면서, 이후 여러 십자군이 이어지게 됐지. 예를 들어, 1157년에 티에리 플랑드르 백작이 이끄는 십자군(크루세이드)도 있었고, 13세기에는 프러시아 십자군도 있었어. 결국, 십자군 전쟁은 단순한 전쟁이 아니라, 종교적 열망과 정치적 야망이 뒤섞인 복잡한 이야기였던 거지!

Confidence: 0.48
Sources: 5
